{{#scite:VIAF253484422
 |type=Personal
 |viaf=253484422
 |ndl=00163864
 |lc=nr92005566
 |isni=0000000376206155
 |dnb=159934044
 |name=手束, 正昭, 1944-
 |retrieved-from=http://viaf.org/
 |retrieved-on=1970-01-01
}}