{
    "analyzer": {
        "text": {
            "type": "custom",
            "tokenizer": "standard",
            "char_filter": [
                "nnbsp_norm",
                "dotted_I_fix"
            ],
            "filter": [
                "homoglyph_norm",
                "lowercase",
                "decimal_digit",
                "arz_ary_stop",
                "arabic_stop",
                "arabic_normalization",
                "arabic_stemmer",
                "asciifolding"
            ]
        },
        "plain": {
            "type": "custom",
            "char_filter": [
                "nnbsp_norm",
                "word_break_helper"
            ],
            "tokenizer": "standard",
            "filter": [
                "lowercase"
            ]
        },
        "plain_search": {
            "type": "custom",
            "char_filter": [
                "nnbsp_norm",
                "word_break_helper"
            ],
            "tokenizer": "standard",
            "filter": [
                "lowercase"
            ]
        },
        "short_text": {
            "type": "custom",
            "tokenizer": "whitespace",
            "filter": [
                "lowercase",
                "aggressive_splitting",
                "asciifolding_preserve",
                "dedup_asciifolding"
            ]
        },
        "short_text_search": {
            "type": "custom",
            "tokenizer": "whitespace",
            "filter": [
                "lowercase",
                "aggressive_splitting"
            ]
        },
        "source_text_plain": {
            "type": "custom",
            "tokenizer": "standard",
            "filter": [
                "lowercase"
            ],
            "char_filter": [
                "word_break_helper_source_text"
            ]
        },
        "source_text_plain_search": {
            "type": "custom",
            "char_filter": [
                "word_break_helper_source_text"
            ],
            "tokenizer": "standard",
            "filter": [
                "lowercase"
            ]
        },
        "suggest": {
            "type": "custom",
            "tokenizer": "standard",
            "filter": [
                "lowercase",
                "suggest_shingle"
            ]
        },
        "suggest_reverse": {
            "type": "custom",
            "tokenizer": "standard",
            "filter": [
                "lowercase",
                "suggest_shingle",
                "reverse"
            ]
        },
        "token_reverse": {
            "type": "custom",
            "tokenizer": "no_splitting",
            "filter": [
                "reverse"
            ]
        },
        "near_match": {
            "type": "custom",
            "char_filter": [
                "near_space_flattener"
            ],
            "tokenizer": "no_splitting",
            "filter": [
                "lowercase"
            ]
        },
        "near_match_asciifolding": {
            "type": "custom",
            "char_filter": [
                "near_space_flattener"
            ],
            "tokenizer": "no_splitting",
            "filter": [
                "truncate_keyword",
                "lowercase",
                "asciifolding"
            ]
        },
        "prefix": {
            "type": "custom",
            "char_filter": [
                "near_space_flattener"
            ],
            "tokenizer": "prefix",
            "filter": [
                "lowercase"
            ]
        },
        "prefix_asciifolding": {
            "type": "custom",
            "char_filter": [
                "near_space_flattener"
            ],
            "tokenizer": "prefix",
            "filter": [
                "lowercase",
                "asciifolding"
            ]
        },
        "word_prefix": {
            "type": "custom",
            "tokenizer": "standard",
            "filter": [
                "lowercase",
                "prefix_ngram_filter"
            ]
        },
        "keyword": {
            "type": "custom",
            "tokenizer": "no_splitting",
            "filter": [
                "truncate_keyword"
            ]
        },
        "lowercase_keyword": {
            "type": "custom",
            "tokenizer": "no_splitting",
            "filter": [
                "truncate_keyword",
                "lowercase"
            ]
        },
        "trigram": {
            "type": "custom",
            "tokenizer": "trigram",
            "filter": [
                "lowercase"
            ]
        },
        "text_search": {
            "type": "custom",
            "tokenizer": "standard",
            "char_filter": [
                "nnbsp_norm",
                "dotted_I_fix"
            ],
            "filter": [
                "homoglyph_norm",
                "lowercase",
                "decimal_digit",
                "arz_ary_stop",
                "arabic_stop",
                "arabic_normalization",
                "arabic_stemmer",
                "asciifolding"
            ]
        }
    },
    "filter": {
        "suggest_shingle": {
            "type": "shingle",
            "min_shingle_size": 2,
            "max_shingle_size": 3,
            "output_unigrams": true
        },
        "lowercase": {
            "type": "lowercase"
        },
        "aggressive_splitting": {
            "type": "word_delimiter",
            "stem_english_possessive": false,
            "preserve_original": false
        },
        "prefix_ngram_filter": {
            "type": "edgeNGram",
            "max_gram": 255
        },
        "asciifolding": {
            "type": "asciifolding",
            "preserve_original": false
        },
        "asciifolding_preserve": {
            "type": "asciifolding",
            "preserve_original": true
        },
        "truncate_keyword": {
            "type": "truncate",
            "length": 5000
        },
        "remove_empty": {
            "type": "length",
            "min": 1
        },
        "arz_ary_stop": {
            "type": "stop",
            "stopwords": [
                "\u0623\u0644\u064a",
                "\u0625\u0650\u0644\u064e\u0649",
                "\u0625\u0644\u0651\u0627",
                "\u0625\u0650\u0644\u064e\u0651\u0627",
                "\u0623\u0645\u0651\u0627",
                "\u0625\u0645\u0651\u0627",
                "\u0622\u0644\u0627\u0646",
                "\u0622\u0646",
                "\u0622\u0646\u0647",
                "\u0623\u0646\u0651",
                "\u0623\u064e\u0646\u064e\u0651",
                "\u0623\u064e\u0646\u0652",
                "\u0625\u0650\u0646\u064e\u0651",
                "\u0625\u0650\u0646\u064e\u0651\u0647\u064f",
                "\u0627\u0644\u0623\u0646",
                "\u0623\u0646\u062a\u0650",
                "\u0623\u064e\u0648\u0652",
                "\u0622\u0649",
                "\u0622\u064a",
                "\u0623\u064a\u0652",
                "\u0623\u064e\u064a\u0652",
                "\u0625\u0649",
                "\u0625\u064a",
                "\u0625\u064a\u0652",
                "\u0623\u064a\u0636\u0627\u064b",
                "\u0623\u064a\u0636\u064b\u0627",
                "\u0628\u0640",
                "\u0628\u0625\u0646",
                "\u0628\u062f\u0627\u0647",
                "\u0628\u062f\u0627\u0647\u0627",
                "\u0648\u0628\u062f\u0627",
                "\u0628\u0632\u0627\u0641",
                "\u0628\u0639\u0651\u062f",
                "\u0628\u0650\u0647\u0627",
                "\u0628\u0649",
                "\u0628\u064a\u0647",
                "\u0628\u064a\u0647\u0627",
                "\u0628\u064a\u0646\u0645\u0651\u0627",
                "\u062a\u0628\u0627\u0639",
                "\u0648\u062a\u0628\u0627\u0639",
                "\u0622\u0644\u062a\u0649",
                "\u062b\u064f\u0645\u064e\u0651",
                "\u062c\u0652\u0645\u064a\u0639",
                "\u062d\u062a\u0651\u0649",
                "\u062d\u064e\u064a\u0652\u062b\u064f",
                "\u062f",
                "\u0628\u0627\u0644\u062f\u0649",
                "\u062f\u0649",
                "\u062f\u064a",
                "\u062f\u064a\u0647",
                "\u062f\u064a\u0627\u0644",
                "\u062f\u064a\u0627\u0644\u0648",
                "\u0627\u0644\u064e\u0651\u0630\u0650\u064a",
                "\u0634\u0646\u0648",
                "\u0648\u0634\u0646\u0648",
                "\u0639\u064e\u0644\u064e\u0649",
                "\u0639\u0644\u064a",
                "\u0639\u0644\u064a\u0629",
                "\u0639\u064e\u0646\u0652",
                "\u0639\u0650\u0646\u0652\u062f\u064e",
                "\u063a\u064e\u064a\u0631",
                "\u063a\u064e\u064a\u0652\u0631\u064e",
                "\u0641\u0640",
                "\u0641\u0652\u0640",
                "\u0641\u0625\u0646",
                "\u0641\u064e\u0627\u0646",
                "\u0641\u0649",
                "\u0641\u0650\u064a\u0647\u0650",
                "\u0641\u0650\u064a\u0647\u064e\u0627",
                "\u0641\u064a\u064a",
                "\u0648\u0641\u064a\u0647",
                "\u0648\u0641\u064a\u0647\u0627",
                "\u0642\u062f\u0651",
                "\u0643\u064e\u0627\u0646\u064e",
                "\u0648\u064e\u0643\u064e\u0627\u0646\u064e",
                "\u0643\u0644\u0651",
                "\u0643\u064e\u0645\u064e\u0627",
                "\u0644",
                "\u0644\u0627\u064b",
                "\u0644\u0627\u0651",
                "\u0644\u064e\u0627",
                "\u0644\u0651\u0627",
                "\u0627\u0644\u0644\u0649",
                "\u0627\u0644\u0644\u064a",
                "\u0627\u0644\u0644\u064b\u064a",
                "\u0627\u0644\u0644\u0651\u064a",
                "\u0628\u0627\u0644\u0644\u0649",
                "\u0628\u0627\u0644\u0644\u064a",
                "\u0644\u0649",
                "\u0644\u064a",
                "\u0644\u0651\u064a",
                "\u0644\u064a\u0627\u0646",
                "\u0644\u064a\u0647",
                "\u0644\u064a\u0647\u0627",
                "\u0648\u0627\u0644\u0644\u0649",
                "\u0648\u0627\u0644\u0644\u064a",
                "\u0648\u0644\u064a\u0629",
                "\u0645\u064e\u0627",
                "\u0645\u064e\u0646\u0652",
                "\u0645\u0650\u0646",
                "\u0645\u0650\u0646\u064e",
                "\u0645\u0650\u0646\u0652",
                "\u0645\u0646\u0629",
                "\u0645\u0650\u0646\u0652\u0647\u064f",
                "\u0645\u0646\u064b\u0647\u0627",
                "\u0645\u0646\u0651\u0647\u0627",
                "\u0647\u0627\u062f",
                "\u0647\u0648\u0651",
                "\u0647\u064f\u0648\u064e",
                "\u0647\u0648\u0651\u0627",
                "\u0647\u064a\u0651",
                "\u0647\u0650\u064a",
                "\u0624",
                "\u0648\u0641\u0649",
                "\u0648\u064f\u0643\u0650\u0651\u0644\u064e",
                "\u0644\u0644\u0648\u0644\u0627",
                "\u0648\u0644\u0623\u0651",
                "\u0648\u0644\u0651\u0623",
                "\u0648\u0644\u0627\u064b",
                "\u0648\u0644\u0627\u064e",
                "\u0648\u0644\u0627\u064f",
                "\u0648\u0644\u0627\u0651",
                "\u0648\u0644\u0651\u0627",
                "\u0648\u0652\u0644\u0627",
                "\u0648\u0648\u0644\u0627",
                "\u0648\u0648\u0644\u0627\u064b",
                "\u0648\u0652\u0645\u0646",
                "\u0648\u0647\u0650\u064a",
                "\u0648\u064e\u0647\u064f\u0648\u064e"
            ]
        },
        "arabic_stop": {
            "type": "stop",
            "stopwords": "_arabic_"
        },
        "arabic_stemmer": {
            "type": "stemmer",
            "language": "arabic"
        },
        "dedup_asciifolding": {
            "type": "unique",
            "only_on_same_position": true
        }
    },
    "tokenizer": {
        "prefix": {
            "type": "edgeNGram",
            "max_gram": 255
        },
        "no_splitting": {
            "type": "keyword"
        },
        "trigram": {
            "type": "nGram",
            "min_gram": 3,
            "max_gram": 3
        }
    },
    "char_filter": {
        "near_space_flattener": {
            "type": "mapping",
            "mappings": [
                "'=>\\u0020",
                "\\u2019=>\\u0020",
                "\\u02BC=>\\u0020",
                "_=>\\u0020",
                "-=>\\u0020"
            ]
        },
        "nnbsp_norm": {
            "type": "mapping",
            "mappings": [
                "\\u202F=>\\u0020"
            ]
        },
        "word_break_helper": {
            "type": "mapping",
            "mappings": [
                "_=>\\u0020",
                ".=>\\u0020",
                "(=>\\u0020",
                ")=>\\u0020"
            ]
        },
        "word_break_helper_source_text": {
            "type": "mapping",
            "mappings": [
                "_=>\\u0020",
                ".=>\\u0020",
                "(=>\\u0020",
                ")=>\\u0020",
                ":=>\\u0020"
            ]
        },
        "dotted_I_fix": {
            "type": "mapping",
            "mappings": [
                "\u0130=>I"
            ]
        }
    }
}