{
    "analyzer": {
        "he_plain": {
            "char_filter": [
                "nnbsp_norm",
                "word_break_helper"
            ],
            "filter": [
                "lowercase"
            ],
            "tokenizer": "standard",
            "type": "custom"
        },
        "he_plain_search": {
            "char_filter": [
                "nnbsp_norm",
                "word_break_helper"
            ],
            "filter": [
                "lowercase"
            ],
            "tokenizer": "standard",
            "type": "custom"
        },
        "uk_plain": {
            "char_filter": [
                "nnbsp_norm",
                "word_break_helper"
            ],
            "filter": [
                "lowercase"
            ],
            "tokenizer": "standard",
            "type": "custom"
        },
        "uk_plain_search": {
            "char_filter": [
                "nnbsp_norm",
                "word_break_helper"
            ],
            "filter": [
                "lowercase"
            ],
            "tokenizer": "standard",
            "type": "custom"
        }
    },
    "char_filter": {
        "nnbsp_norm": {
            "mappings": [
                "\\u202F=>\\u0020"
            ],
            "type": "mapping"
        },
        "word_break_helper": {
            "mappings": [
                "_=>\\u0020",
                ".=>\\u0020",
                "(=>\\u0020",
                ")=>\\u0020"
            ],
            "type": "mapping"
        }
    },
    "filter": {
        "lowercase": {
            "type": "lowercase"
        }
    },
    "tokenizer": []
}